This file contains any messages produced by compilers while
running configure, to aid debugging if configure makes a mistake.

It was created by nauty configure 2.8.9, which was
generated by GNU Autoconf 2.72.  Invocation command line was

  $ ./configure

## --------- ##
## Platform. ##
## --------- ##

hostname = VladyslavAcer
uname -m = x86_64
uname -r = 4.4.0-26100-Microsoft
uname -s = Linux
uname -v = #8328-Microsoft Fri Jan 01 08:00:00 PST 2016

/usr/bin/uname -p = x86_64
/bin/uname -X     = unknown

/bin/arch              = x86_64
/usr/bin/arch -k       = unknown
/usr/convex/getsysinfo = unknown
/usr/bin/hostinfo      = unknown
/bin/machine           = unknown
/usr/bin/oslevel       = unknown
/bin/universe          = unknown

PATH: /usr/local/sbin/
PATH: /usr/local/bin/
PATH: /usr/sbin/
PATH: /usr/bin/
PATH: /sbin/
PATH: /bin/
PATH: /usr/games/
PATH: /usr/local/games/
PATH: /mnt/c/WINDOWS/system32/
PATH: /mnt/c/WINDOWS/
PATH: /mnt/c/WINDOWS/System32/Wbem/
PATH: /mnt/c/WINDOWS/System32/WindowsPowerShell/v1.0/
PATH: /mnt/c/WINDOWS/System32/OpenSSH/
PATH: /mnt/c/Program Files/NVIDIA Corporation/NVIDIA App/NvDLISR/
PATH: /mnt/c/Program Files (x86)/NVIDIA Corporation/PhysX/Common/
PATH: /mnt/c/Program Files/dotnet/
PATH: /mnt/c/Program Files/Microsoft SQL Server/170/Tools/Binn/
PATH: /mnt/c/Program Files/Microsoft SQL Server/Client SDK/ODBC/170/Tools/Binn/
PATH: /mnt/c/Program Files (x86)/Windows Kits/10/Windows Performance Toolkit/
PATH: /mnt/c/Program Files/Git/cmd/
PATH: /mnt/c/Users/vatsi/AppData/Local/Programs/Python/Launcher/
PATH: /mnt/c/Users/vatsi/.local/bin/
PATH: /mnt/c/Users/vatsi/AppData/Local/Microsoft/WindowsApps/
PATH: /mnt/c/Users/vatsi/.dotnet/tools/
PATH: /mnt/c/Users/vatsi/AppData/Local/Programs/Microsoft VS Code/bin/
PATH: /snap/bin/


## ----------- ##
## Core tests. ##
## ----------- ##

configure:2820: looking for aux files: ltmain.sh install-sh config.guess config.sub
configure:2833:  trying ./
configure:2862:   ./ltmain.sh found
configure:2844:   ./install-sh found
configure:2862:   ./config.guess found
configure:2862:   ./config.sub found
configure:3138: checking build system type
configure:3154: result: x86_64-pc-linux-gnu
configure:3174: checking host system type
configure:3189: result: x86_64-pc-linux-gnu
configure:3303: checking for gcc
configure:3324: found /usr/bin/gcc
configure:3336: result: gcc
configure:3695: checking for C compiler version
configure:3704: gcc --version >&5
gcc (Ubuntu 13.3.0-6ubuntu2~24.04.1) 13.3.0
Copyright (C) 2023 Free Software Foundation, Inc.
This is free software; see the source for copying conditions.  There is NO
warranty; not even for MERCHANTABILITY or FITNESS FOR A PARTICULAR PURPOSE.

configure:3715: $? = 0
configure:3704: gcc -v >&5
Using built-in specs.
COLLECT_GCC=gcc
COLLECT_LTO_WRAPPER=/usr/libexec/gcc/x86_64-linux-gnu/13/lto-wrapper
OFFLOAD_TARGET_NAMES=nvptx-none:amdgcn-amdhsa
OFFLOAD_TARGET_DEFAULT=1
Target: x86_64-linux-gnu
Configured with: ../src/configure -v --with-pkgversion='Ubuntu 13.3.0-6ubuntu2~24.04.1' --with-bugurl=file:///usr/share/doc/gcc-13/README.Bugs --enable-languages=c,ada,c++,go,d,fortran,objc,obj-c++,m2 --prefix=/usr --with-gcc-major-version-only --program-suffix=-13 --program-prefix=x86_64-linux-gnu- --enable-shared --enable-linker-build-id --libexecdir=/usr/libexec --without-included-gettext --enable-threads=posix --libdir=/usr/lib --enable-nls --enable-bootstrap --enable-clocale=gnu --enable-libstdcxx-debug --enable-libstdcxx-time=yes --with-default-libstdcxx-abi=new --enable-libstdcxx-backtrace --enable-gnu-unique-object --disable-vtable-verify --enable-plugin --enable-default-pie --with-system-zlib --enable-libphobos-checking=release --with-target-system-zlib=auto --enable-objc-gc=auto --enable-multiarch --disable-werror --enable-cet --with-arch-32=i686 --with-abi=m64 --with-multilib-list=m32,m64,mx32 --enable-multilib --with-tune=generic --enable-offload-targets=nvptx-none=/build/gcc-13-EldibY/gcc-13-13.3.0/debian/tmp-nvptx/usr,amdgcn-amdhsa=/build/gcc-13-EldibY/gcc-13-13.3.0/debian/tmp-gcn/usr --enable-offload-defaulted --without-cuda-driver --enable-checking=release --build=x86_64-linux-gnu --host=x86_64-linux-gnu --target=x86_64-linux-gnu --with-build-config=bootstrap-lto-lean --enable-link-serialization=2
Thread model: posix
Supported LTO compression algorithms: zlib zstd
gcc version 13.3.0 (Ubuntu 13.3.0-6ubuntu2~24.04.1) 
... rest of stderr output deleted ...
configure:3715: $? = 0
configure:3704: gcc -V >&5
gcc: error: unrecognized command-line option '-V'
gcc: fatal error: no input files
compilation terminated.
configure:3715: $? = 1
configure:3704: gcc -qversion >&5
gcc: error: unrecognized command-line option '-qversion'; did you mean '--version'?
gcc: fatal error: no input files
compilation terminated.
configure:3715: $? = 1
configure:3704: gcc -version >&5
gcc: error: unrecognized command-line option '-version'
gcc: fatal error: no input files
compilation terminated.
configure:3715: $? = 1
configure:3735: checking whether the C compiler works
configure:3757: gcc    conftest.c  >&5
configure:3761: $? = 0
configure:3812: result: yes
configure:3816: checking for C compiler default output file name
configure:3818: result: a.out
configure:3824: checking for suffix of executables
configure:3831: gcc -o conftest    conftest.c  >&5
configure:3835: $? = 0
configure:3859: result: 
configure:3883: checking whether we are cross compiling
configure:3891: gcc -o conftest    conftest.c  >&5
configure:3895: $? = 0
configure:3902: ./conftest
configure:3906: $? = 0
configure:3921: result: no
configure:3927: checking for suffix of object files
configure:3950: gcc -c   conftest.c >&5
configure:3954: $? = 0
configure:3978: result: o
configure:3982: checking whether the compiler supports GNU C
configure:4002: gcc -c   conftest.c >&5
configure:4002: $? = 0
configure:4014: result: yes
configure:4025: checking whether gcc accepts -g
configure:4046: gcc -c -g  conftest.c >&5
configure:4046: $? = 0
configure:4093: result: yes
configure:4113: checking for gcc option to enable C11 features
configure:4128: gcc  -c -g -O2  conftest.c >&5
configure:4128: $? = 0
configure:4147: result: none needed
configure:4275: checking for gcc option to enable large file support
configure:4310: gcc -c   conftest.c >&5
configure:4310: $? = 0
configure:4316: gcc -DFTYPE=ino_t -c   conftest.c >&5
configure:4316: $? = 0
configure:4341: result: none needed
configure:4526: checking if gcc supports -O4 -Werror flags
configure:4542: gcc -c -O4 -Werror  conftest.c >&5
configure:4542: $? = 0
configure:4551: result: yes
configure:4645: checking for sys/wait.h that is POSIX.1 compatible
configure:4672: gcc -c  -O4  conftest.c >&5
configure:4672: $? = 0
configure:4682: result: yes
configure:4694: checking for stdio.h
configure:4694: gcc -c  -O4  conftest.c >&5
configure:4694: $? = 0
configure:4694: result: yes
configure:4694: checking for stdlib.h
configure:4694: gcc -c  -O4  conftest.c >&5
configure:4694: $? = 0
configure:4694: result: yes
configure:4694: checking for string.h
configure:4694: gcc -c  -O4  conftest.c >&5
configure:4694: $? = 0
configure:4694: result: yes
configure:4694: checking for inttypes.h
configure:4694: gcc -c  -O4  conftest.c >&5
configure:4694: $? = 0
configure:4694: result: yes
configure:4694: checking for stdint.h
configure:4694: gcc -c  -O4  conftest.c >&5
configure:4694: $? = 0
configure:4694: result: yes
configure:4694: checking for strings.h
configure:4694: gcc -c  -O4  conftest.c >&5
configure:4694: $? = 0
configure:4694: result: yes
configure:4694: checking for sys/stat.h
configure:4694: gcc -c  -O4  conftest.c >&5
configure:4694: $? = 0
configure:4694: result: yes
configure:4694: checking for sys/types.h
configure:4694: gcc -c  -O4  conftest.c >&5
configure:4694: $? = 0
configure:4694: result: yes
configure:4694: checking for unistd.h
configure:4694: gcc -c  -O4  conftest.c >&5
configure:4694: $? = 0
configure:4694: result: yes
configure:4694: checking for vfork.h
configure:4694: gcc -c  -O4  conftest.c >&5
conftest.c:47:10: fatal error: vfork.h: No such file or directory
   47 | #include <vfork.h>
      |          ^~~~~~~~~
compilation terminated.
configure:4694: $? = 1
configure: failed program was:
| /* confdefs.h */
| #define PACKAGE_NAME "nauty"
| #define PACKAGE_TARNAME "nauty"
| #define PACKAGE_VERSION "2.8.9"
| #define PACKAGE_STRING "nauty 2.8.9"
| #define PACKAGE_BUGREPORT "brendan.mckay@anu.edu.au"
| #define PACKAGE_URL ""
| #define HAVE_SYS_WAIT_H 1
| #define HAVE_STDIO_H 1
| #define HAVE_STDLIB_H 1
| #define HAVE_STRING_H 1
| #define HAVE_INTTYPES_H 1
| #define HAVE_STDINT_H 1
| #define HAVE_STRINGS_H 1
| #define HAVE_SYS_STAT_H 1
| #define HAVE_SYS_TYPES_H 1
| #define HAVE_UNISTD_H 1
| /* end confdefs.h.  */
| #include <stddef.h>
| #ifdef HAVE_STDIO_H
| # include <stdio.h>
| #endif
| #ifdef HAVE_STDLIB_H
| # include <stdlib.h>
| #endif
| #ifdef HAVE_STRING_H
| # include <string.h>
| #endif
| #ifdef HAVE_INTTYPES_H
| # include <inttypes.h>
| #endif
| #ifdef HAVE_STDINT_H
| # include <stdint.h>
| #endif
| #ifdef HAVE_STRINGS_H
| # include <strings.h>
| #endif
| #ifdef HAVE_SYS_TYPES_H
| # include <sys/types.h>
| #endif
| #ifdef HAVE_SYS_STAT_H
| # include <sys/stat.h>
| #endif
| #ifdef HAVE_UNISTD_H
| # include <unistd.h>
| #endif
| #include <vfork.h>
configure:4694: result: no
configure:4719: checking for signal.h
configure:4719: gcc -c  -O4  conftest.c >&5
configure:4719: $? = 0
configure:4719: result: yes
configure:4725: checking for stddef.h
configure:4725: gcc -c  -O4  conftest.c >&5
configure:4725: $? = 0
configure:4725: result: yes
configure:4731: checking for unistd.h
configure:4731: result: yes
configure:4737: checking for sys/types.h
configure:4737: result: yes
configure:4743: checking for sys/wait.h
configure:4743: result: yes
configure:4749: checking for stdlib.h
configure:4749: result: yes
configure:4755: checking for string.h
configure:4755: result: yes
configure:4761: checking for errno.h
configure:4761: gcc -c  -O4  conftest.c >&5
configure:4761: $? = 0
configure:4761: result: yes
configure:4767: checking for limits.h
configure:4767: gcc -c  -O4  conftest.c >&5
configure:4767: $? = 0
configure:4767: result: yes
configure:4773: checking for stdint.h
configure:4773: result: yes
configure:4867: checking for pid_t
configure:4867: gcc -c  -O4  conftest.c >&5
configure:4867: $? = 0
configure:4867: gcc -c  -O4  conftest.c >&5
conftest.c: In function 'main':
conftest.c:62:20: error: expected expression before ')' token
   62 | if (sizeof ((pid_t)))
      |                    ^
configure:4867: $? = 1
configure: failed program was:
| /* confdefs.h */
| #define PACKAGE_NAME "nauty"
| #define PACKAGE_TARNAME "nauty"
| #define PACKAGE_VERSION "2.8.9"
| #define PACKAGE_STRING "nauty 2.8.9"
| #define PACKAGE_BUGREPORT "brendan.mckay@anu.edu.au"
| #define PACKAGE_URL ""
| #define HAVE_SYS_WAIT_H 1
| #define HAVE_STDIO_H 1
| #define HAVE_STDLIB_H 1
| #define HAVE_STRING_H 1
| #define HAVE_INTTYPES_H 1
| #define HAVE_STDINT_H 1
| #define HAVE_STRINGS_H 1
| #define HAVE_SYS_STAT_H 1
| #define HAVE_SYS_TYPES_H 1
| #define HAVE_UNISTD_H 1
| #define STDC_HEADERS 1
| #define HAVE_SIGNAL_H 1
| #define HAVE_STDDEF_H 1
| #define HAVE_UNISTD_H 1
| #define HAVE_SYS_TYPES_H 1
| #define HAVE_SYS_WAIT_H 1
| #define HAVE_STDLIB_H 1
| #define HAVE_STRING_H 1
| #define HAVE_ERRNO_H 1
| #define HAVE_LIMITS_H 1
| #define HAVE_STDINT_H 1
| /* end confdefs.h.  */
| #include <stddef.h>
| #ifdef HAVE_STDIO_H
| # include <stdio.h>
| #endif
| #ifdef HAVE_STDLIB_H
| # include <stdlib.h>
| #endif
| #ifdef HAVE_STRING_H
| # include <string.h>
| #endif
| #ifdef HAVE_INTTYPES_H
| # include <inttypes.h>
| #endif
| #ifdef HAVE_STDINT_H
| # include <stdint.h>
| #endif
| #ifdef HAVE_STRINGS_H
| # include <strings.h>
| #endif
| #ifdef HAVE_SYS_TYPES_H
| # include <sys/types.h>
| #endif
| #ifdef HAVE_SYS_STAT_H
| # include <sys/stat.h>
| #endif
| #ifdef HAVE_UNISTD_H
| # include <unistd.h>
| #endif
| 
| int
| main (void)
| {
| if (sizeof ((pid_t)))
| 	    return 0;
|   ;
|   return 0;
| }
configure:4867: result: yes
configure:4912: checking for gcc options needed to detect all undeclared functions
configure:4934: gcc -c  -O4   conftest.c >&5
conftest.c: In function 'main':
conftest.c:34:8: error: 'strchr' undeclared (first use in this function)
   34 | (void) strchr;
      |        ^~~~~~
conftest.c:1:1: note: 'strchr' is defined in header '<string.h>'; did you forget to '#include <string.h>'?
    1 | /* confdefs.h */
conftest.c:34:8: note: each undeclared identifier is reported only once for each function it appears in
   34 | (void) strchr;
      |        ^~~~~~
configure:4934: $? = 1
configure: failed program was:
| /* confdefs.h */
| #define PACKAGE_NAME "nauty"
| #define PACKAGE_TARNAME "nauty"
| #define PACKAGE_VERSION "2.8.9"
| #define PACKAGE_STRING "nauty 2.8.9"
| #define PACKAGE_BUGREPORT "brendan.mckay@anu.edu.au"
| #define PACKAGE_URL ""
| #define HAVE_SYS_WAIT_H 1
| #define HAVE_STDIO_H 1
| #define HAVE_STDLIB_H 1
| #define HAVE_STRING_H 1
| #define HAVE_INTTYPES_H 1
| #define HAVE_STDINT_H 1
| #define HAVE_STRINGS_H 1
| #define HAVE_SYS_STAT_H 1
| #define HAVE_SYS_TYPES_H 1
| #define HAVE_UNISTD_H 1
| #define STDC_HEADERS 1
| #define HAVE_SIGNAL_H 1
| #define HAVE_STDDEF_H 1
| #define HAVE_UNISTD_H 1
| #define HAVE_SYS_TYPES_H 1
| #define HAVE_SYS_WAIT_H 1
| #define HAVE_STDLIB_H 1
| #define HAVE_STRING_H 1
| #define HAVE_ERRNO_H 1
| #define HAVE_LIMITS_H 1
| #define HAVE_STDINT_H 1
| /* end confdefs.h.  */
| 
| int
| main (void)
| {
| (void) strchr;
|   ;
|   return 0;
| }
configure:4961: gcc -c  -O4   conftest.c >&5
configure:4961: $? = 0
configure:4981: result: none needed
configure:4995: checking whether ftell is declared
configure:4995: gcc -c  -O4   conftest.c >&5
configure:4995: $? = 0
configure:4995: result: yes
configure:5004: checking whether popen is declared
configure:5004: gcc -c  -O4   conftest.c >&5
configure:5004: $? = 0
configure:5004: result: yes
configure:5013: checking whether fdopen is declared
configure:5013: gcc -c  -O4   conftest.c >&5
configure:5013: $? = 0
configure:5013: result: yes
configure:5022: checking whether putenv is declared
configure:5022: gcc -c  -O4   conftest.c >&5
configure:5022: $? = 0
configure:5022: result: yes
configure:5031: checking whether setenv is declared
configure:5031: gcc -c  -O4   conftest.c >&5
configure:5031: $? = 0
configure:5031: result: yes
configure:5041: checking whether malloc is declared
configure:5041: gcc -c  -O4   conftest.c >&5
configure:5041: $? = 0
configure:5041: result: yes
configure:5054: checking how to run the C preprocessor
configure:5080: gcc -E  conftest.c
configure:5080: $? = 0
configure:5096: gcc -E  conftest.c
conftest.c:30:10: fatal error: ac_nonexistent.h: No such file or directory
   30 | #include <ac_nonexistent.h>
      |          ^~~~~~~~~~~~~~~~~~
compilation terminated.
configure:5096: $? = 1
configure: failed program was:
| /* confdefs.h */
| #define PACKAGE_NAME "nauty"
| #define PACKAGE_TARNAME "nauty"
| #define PACKAGE_VERSION "2.8.9"
| #define PACKAGE_STRING "nauty 2.8.9"
| #define PACKAGE_BUGREPORT "brendan.mckay@anu.edu.au"
| #define PACKAGE_URL ""
| #define HAVE_SYS_WAIT_H 1
| #define HAVE_STDIO_H 1
| #define HAVE_STDLIB_H 1
| #define HAVE_STRING_H 1
| #define HAVE_INTTYPES_H 1
| #define HAVE_STDINT_H 1
| #define HAVE_STRINGS_H 1
| #define HAVE_SYS_STAT_H 1
| #define HAVE_SYS_TYPES_H 1
| #define HAVE_UNISTD_H 1
| #define STDC_HEADERS 1
| #define HAVE_SIGNAL_H 1
| #define HAVE_STDDEF_H 1
| #define HAVE_UNISTD_H 1
| #define HAVE_SYS_TYPES_H 1
| #define HAVE_SYS_WAIT_H 1
| #define HAVE_STDLIB_H 1
| #define HAVE_STRING_H 1
| #define HAVE_ERRNO_H 1
| #define HAVE_LIMITS_H 1
| #define HAVE_STDINT_H 1
| /* end confdefs.h.  */
| #include <ac_nonexistent.h>
configure:5125: result: gcc -E
configure:5139: gcc -E  conftest.c
configure:5139: $? = 0
configure:5155: gcc -E  conftest.c
conftest.c:30:10: fatal error: ac_nonexistent.h: No such file or directory
   30 | #include <ac_nonexistent.h>
      |          ^~~~~~~~~~~~~~~~~~
compilation terminated.
configure:5155: $? = 1
configure: failed program was:
| /* confdefs.h */
| #define PACKAGE_NAME "nauty"
| #define PACKAGE_TARNAME "nauty"
| #define PACKAGE_VERSION "2.8.9"
| #define PACKAGE_STRING "nauty 2.8.9"
| #define PACKAGE_BUGREPORT "brendan.mckay@anu.edu.au"
| #define PACKAGE_URL ""
| #define HAVE_SYS_WAIT_H 1
| #define HAVE_STDIO_H 1
| #define HAVE_STDLIB_H 1
| #define HAVE_STRING_H 1
| #define HAVE_INTTYPES_H 1
| #define HAVE_STDINT_H 1
| #define HAVE_STRINGS_H 1
| #define HAVE_SYS_STAT_H 1
| #define HAVE_SYS_TYPES_H 1
| #define HAVE_UNISTD_H 1
| #define STDC_HEADERS 1
| #define HAVE_SIGNAL_H 1
| #define HAVE_STDDEF_H 1
| #define HAVE_UNISTD_H 1
| #define HAVE_SYS_TYPES_H 1
| #define HAVE_SYS_WAIT_H 1
| #define HAVE_STDLIB_H 1
| #define HAVE_STRING_H 1
| #define HAVE_ERRNO_H 1
| #define HAVE_LIMITS_H 1
| #define HAVE_STDINT_H 1
| /* end confdefs.h.  */
| #include <ac_nonexistent.h>
configure:5188: checking for egrep -e
configure:5318: result: /usr/bin/grep -E
configure:5342: checking if compiler accepts flexible array members
configure:5356: gcc -c  -O4  conftest.c >&5
configure:5356: $? = 0
configure:5365: result: 1
configure:5368: checking if INFINITY is declared in math.h
configure:5390: result: 1
configure:5400: checking size of int
configure:5406: gcc -o conftest  -O4   conftest.c  >&5
configure:5406: $? = 0
configure:5406: ./conftest
configure:5406: $? = 0
configure:5423: result: 4
configure:5436: checking size of long
configure:5442: gcc -o conftest  -O4   conftest.c  >&5
configure:5442: $? = 0
configure:5442: ./conftest
configure:5442: $? = 0
configure:5459: result: 8
configure:5472: checking size of long long
configure:5478: gcc -o conftest  -O4   conftest.c  >&5
configure:5478: $? = 0
configure:5478: ./conftest
configure:5478: $? = 0
configure:5495: result: 8
configure:5508: checking size of void*
configure:5514: gcc -o conftest  -O4   conftest.c  >&5
configure:5514: $? = 0
configure:5514: ./conftest
configure:5514: $? = 0
configure:5531: result: 8
configure:5546: checking size of __uint128_t
configure:5552: gcc -o conftest  -O4   conftest.c  >&5
configure:5552: $? = 0
configure:5552: ./conftest
configure:5552: $? = 0
configure:5569: result: 16
configure:5581: checking size of unsigned __int128
configure:5587: gcc -o conftest  -O4   conftest.c  >&5
configure:5587: $? = 0
configure:5587: ./conftest
configure:5587: $? = 0
configure:5604: result: 16
configure:5639: checking for isatty
configure:5639: gcc -o conftest  -O4   conftest.c  >&5
configure:5639: $? = 0
configure:5639: result: yes
configure:5649: checking for time
configure:5649: gcc -o conftest  -O4   conftest.c  >&5
configure:5649: $? = 0
configure:5649: result: yes
configure:5659: checking for gettimeofday
configure:5659: gcc -o conftest  -O4   conftest.c  >&5
configure:5659: $? = 0
configure:5659: result: yes
configure:5669: checking for clock_gettime
configure:5669: gcc -o conftest  -O4   conftest.c  >&5
configure:5669: $? = 0
configure:5669: result: yes
configure:5679: checking for clock
configure:5679: gcc -o conftest  -O4   conftest.c  >&5
configure:5679: $? = 0
configure:5679: result: yes
configure:5689: checking for times
configure:5689: gcc -o conftest  -O4   conftest.c  >&5
configure:5689: $? = 0
configure:5689: result: yes
configure:5699: checking for getrusage
configure:5699: gcc -o conftest  -O4   conftest.c  >&5
configure:5699: $? = 0
configure:5699: result: yes
configure:5709: checking for perror
configure:5709: gcc -o conftest  -O4   conftest.c  >&5
configure:5709: $? = 0
configure:5709: result: yes
configure:5719: checking for pipe
configure:5719: gcc -o conftest  -O4   conftest.c  >&5
configure:5719: $? = 0
configure:5719: result: yes
configure:5729: checking for wait
configure:5729: gcc -o conftest  -O4   conftest.c  >&5
configure:5729: $? = 0
configure:5729: result: yes
configure:5739: checking for popen
configure:5739: gcc -o conftest  -O4   conftest.c  >&5
configure:5739: $? = 0
configure:5739: result: yes
configure:5749: checking for putenv
configure:5749: gcc -o conftest  -O4   conftest.c  >&5
configure:5749: $? = 0
configure:5749: result: yes
configure:5759: checking for setenv
configure:5759: gcc -o conftest  -O4   conftest.c  >&5
configure:5759: $? = 0
configure:5759: result: yes
configure:5774: checking for fork
configure:5774: gcc -o conftest  -O4   conftest.c  >&5
conftest.c:52:6: warning: conflicting types for built-in function 'fork'; expected 'int(void)' [-Wbuiltin-declaration-mismatch]
   52 | char fork (void);
      |      ^~~~
configure:5774: $? = 0
configure:5774: result: yes
configure:5774: checking for vfork
configure:5774: gcc -o conftest  -O4   conftest.c  >&5
configure:5774: $? = 0
configure:5774: result: yes
configure:5787: checking for working fork
configure:5811: gcc -o conftest  -O4   conftest.c  >&5
configure:5811: $? = 0
configure:5811: ./conftest
configure:5811: $? = 0
configure:5825: result: yes
configure:5846: checking for working vfork
configure:5978: result: yes
configure:6010: checking for fseeko
configure:6010: gcc -o conftest  -O4   conftest.c  >&5
configure:6010: $? = 0
configure:6010: result: yes
configure:6020: checking for sigaction
configure:6020: gcc -o conftest  -O4   conftest.c  >&5
configure:6020: $? = 0
configure:6020: result: yes
configure:6030: checking for sigprocmask
configure:6030: gcc -o conftest  -O4   conftest.c  >&5
configure:6030: $? = 0
configure:6030: result: yes
configure:6041: checking if popcnt instruction is available and requested
configure:6061: gcc -o conftest  -O4   conftest.c  >&5
configure:6061: $? = 0
configure:6061: ./conftest
configure:6061: $? = 0
configure:6090: result: 1
configure:6146: checking if __builtin_popcount() is supported
configure:6152: gcc -o conftest  -O4 -mpopcnt   conftest.c  >&5
configure:6152: $? = 0
configure:6161: result: 1
configure:6163: checking if __builtin_popcountl() is supported
configure:6169: gcc -o conftest  -O4 -mpopcnt   conftest.c  >&5
configure:6169: $? = 0
configure:6178: result: 1
configure:6180: checking if __builtin_popcountll() is supported
configure:6186: gcc -o conftest  -O4 -mpopcnt   conftest.c  >&5
configure:6186: $? = 0
configure:6195: result: 1
configure:6235: checking if gcc supports -march=native
configure:6245: gcc -c  -O4 -march=native  conftest.c >&5
conftest.c: In function 'main':
conftest.c:41:76: warning: ignoring return value of 'scanf' declared with attribute 'warn_unused_result' [-Wunused-result]
   41 |                                         int main() { double t; long int q; scanf("%ld",&q);
      |                                                                            ^~~~~~~~~~~~~~~
configure:6245: $? = 0
configure:6253: result: yes
configure:6304: checking if lzcnt instruction is available and requested
configure:6319: result: 1
configure:6325: checking if __builtin_clz() is supported
configure:6331: gcc -o conftest  -O4   conftest.c  >&5
configure:6331: $? = 0
configure:6340: result: 1
configure:6342: checking if __builtin_clzl() is supported
configure:6348: gcc -o conftest  -O4   conftest.c  >&5
configure:6348: $? = 0
configure:6357: result: 1
configure:6359: checking if __builtin_clzll() is supported
configure:6365: gcc -o conftest  -O4   conftest.c  >&5
configure:6365: $? = 0
configure:6374: result: 1
configure:6401: checking for getc_unlocked
configure:6401: gcc -o conftest  -O4   conftest.c  >&5
configure:6401: $? = 0
configure:6401: result: yes
configure:6410: checking for flockfile
configure:6410: gcc -o conftest  -O4   conftest.c  >&5
configure:6410: $? = 0
configure:6410: result: yes
configure:6430: checking for noreturn attribute
configure:6450: gcc -c  -O4  conftest.c >&5
conftest.c:41:17: error: expected identifier or '(' before '[' token
   41 |                 [noreturn] void f() { exit(1); }
      |                 ^
conftest.c: In function 'main':
conftest.c:45:1: warning: implicit declaration of function 'f' [-Wimplicit-function-declaration]
   45 | f();
      | ^
configure:6450: $? = 1
configure: failed program was:
| /* confdefs.h */
| #define PACKAGE_NAME "nauty"
| #define PACKAGE_TARNAME "nauty"
| #define PACKAGE_VERSION "2.8.9"
| #define PACKAGE_STRING "nauty 2.8.9"
| #define PACKAGE_BUGREPORT "brendan.mckay@anu.edu.au"
| #define PACKAGE_URL ""
| #define HAVE_SYS_WAIT_H 1
| #define HAVE_STDIO_H 1
| #define HAVE_STDLIB_H 1
| #define HAVE_STRING_H 1
| #define HAVE_INTTYPES_H 1
| #define HAVE_STDINT_H 1
| #define HAVE_STRINGS_H 1
| #define HAVE_SYS_STAT_H 1
| #define HAVE_SYS_TYPES_H 1
| #define HAVE_UNISTD_H 1
| #define STDC_HEADERS 1
| #define HAVE_SIGNAL_H 1
| #define HAVE_STDDEF_H 1
| #define HAVE_UNISTD_H 1
| #define HAVE_SYS_TYPES_H 1
| #define HAVE_SYS_WAIT_H 1
| #define HAVE_STDLIB_H 1
| #define HAVE_STRING_H 1
| #define HAVE_ERRNO_H 1
| #define HAVE_LIMITS_H 1
| #define HAVE_STDINT_H 1
| #define SIZEOF_INT 4
| #define SIZEOF_LONG 8
| #define SIZEOF_LONG_LONG 8
| #define SIZEOF_VOIDP 8
| #define SIZEOF___UINT128_T 16
| #define SIZEOF_UNSIGNED___INT128 16
| #define HAVE_FORK 1
| #define HAVE_VFORK 1
| #define HAVE_WORKING_VFORK 1
| #define HAVE_WORKING_FORK 1
| /* end confdefs.h.  */
| #include <stdlib.h>
|                 [noreturn] void f() { exit(1); }
| int
| main (void)
| {
| f();
| 
|   ;
|   return 0;
| }
configure:6450: gcc -c  -O4  conftest.c >&5
configure:6450: $? = 0
configure:6462: result: _Noreturn
configure:6483: checking for thread local storage (TLS) class
configure:6502: gcc -c  -O4  conftest.c >&5
conftest.c: In function 'main':
conftest.c:45:21: error: expected ';' before 'int'
   45 | static  thread_local  int bar;
      |                     ^ ~~~
      |                     ;
configure:6502: $? = 1
configure: failed program was:
| /* confdefs.h */
| #define PACKAGE_NAME "nauty"
| #define PACKAGE_TARNAME "nauty"
| #define PACKAGE_VERSION "2.8.9"
| #define PACKAGE_STRING "nauty 2.8.9"
| #define PACKAGE_BUGREPORT "brendan.mckay@anu.edu.au"
| #define PACKAGE_URL ""
| #define HAVE_SYS_WAIT_H 1
| #define HAVE_STDIO_H 1
| #define HAVE_STDLIB_H 1
| #define HAVE_STRING_H 1
| #define HAVE_INTTYPES_H 1
| #define HAVE_STDINT_H 1
| #define HAVE_STRINGS_H 1
| #define HAVE_SYS_STAT_H 1
| #define HAVE_SYS_TYPES_H 1
| #define HAVE_UNISTD_H 1
| #define STDC_HEADERS 1
| #define HAVE_SIGNAL_H 1
| #define HAVE_STDDEF_H 1
| #define HAVE_UNISTD_H 1
| #define HAVE_SYS_TYPES_H 1
| #define HAVE_SYS_WAIT_H 1
| #define HAVE_STDLIB_H 1
| #define HAVE_STRING_H 1
| #define HAVE_ERRNO_H 1
| #define HAVE_LIMITS_H 1
| #define HAVE_STDINT_H 1
| #define SIZEOF_INT 4
| #define SIZEOF_LONG 8
| #define SIZEOF_LONG_LONG 8
| #define SIZEOF_VOIDP 8
| #define SIZEOF___UINT128_T 16
| #define SIZEOF_UNSIGNED___INT128 16
| #define HAVE_FORK 1
| #define HAVE_VFORK 1
| #define HAVE_WORKING_VFORK 1
| #define HAVE_WORKING_FORK 1
| #define NORET _Noreturn
| /* end confdefs.h.  */
| #include <stdlib.h>
| int
| main (void)
| {
| static  thread_local  int bar;
| 
|   ;
|   return 0;
| }
configure:6502: gcc -c  -O4  conftest.c >&5
configure:6502: $? = 0
configure:6514: result: _Thread_local
configure:6600: checking for gsort
configure:6636: result: no
configure:6600: checking for sort
configure:6621: found /usr/bin/sort
configure:6633: result: sort
configure:6656: checking if sort supports the -k switch
configure:6666: result: 1
configure:6669: checking if sort supports the -S switch
configure:6679: result: 1
configure:6686: checking for a race-free mkdir -p
configure:6729: result: /usr/bin/mkdir -p
configure:6747: checking for a BSD-compatible install
configure:6821: result: /usr/bin/install -c
configure:6854: checking for gunzip
configure:6875: found /usr/bin/gunzip
configure:6887: result: gunzip
configure:6956: checking how to print strings
configure:6983: result: printf
configure:7004: checking for a sed that does not truncate output
configure:7076: result: /usr/bin/sed
configure:7094: checking for grep that handles long lines and -e
configure:7160: result: /usr/bin/grep
configure:7165: checking for egrep
configure:7235: result: /usr/bin/grep -E
configure:7242: checking for fgrep
configure:7312: result: /usr/bin/grep -F
configure:7349: checking for ld used by gcc
configure:7418: result: /usr/bin/ld
configure:7425: checking if the linker (/usr/bin/ld) is GNU ld
configure:7442: result: yes
configure:7454: checking for BSD- or MS-compatible name lister (nm)
configure:7510: result: /usr/bin/nm -B
configure:7652: checking the name lister (/usr/bin/nm -B) interface
configure:7660: gcc -c  -O4  conftest.c >&5
configure:7663: /usr/bin/nm -B "conftest.o"
configure:7666: output
0000000000000000 B some_variable
configure:7674: result: BSD nm
configure:7677: checking whether ln -s works
configure:7681: result: yes
configure:7689: checking the maximum length of command line arguments
configure:7822: result: 1572864
configure:7870: checking how to convert x86_64-pc-linux-gnu file names to x86_64-pc-linux-gnu format
configure:7912: result: func_convert_file_noop
configure:7919: checking how to convert x86_64-pc-linux-gnu file names to toolchain format
configure:7941: result: func_convert_file_noop
configure:7948: checking for /usr/bin/ld option to reload object files
configure:7957: result: -r
configure:8037: checking for objdump
configure:8058: found /usr/bin/objdump
configure:8070: result: objdump
configure:8102: checking how to recognize dependent libraries
configure:8304: result: pass_all
configure:8395: checking for dlltool
configure:8431: result: no
configure:8461: checking how to associate runtime and link libraries
configure:8490: result: printf %s\n
configure:8556: checking for ar
configure:8577: found /usr/bin/ar
configure:8589: result: ar
configure:8626: checking for archiver @FILE support
configure:8644: gcc -c  -O4  conftest.c >&5
configure:8644: $? = 0
configure:8648: ar cr libconftest.a @conftest.lst >&5
configure:8651: $? = 0
configure:8656: ar cr libconftest.a @conftest.lst >&5
ar: conftest.o: No such file or directory
configure:8659: $? = 1
configure:8672: result: @
configure:8736: checking for strip
configure:8757: found /usr/bin/strip
configure:8769: result: strip
configure:8847: checking for ranlib
configure:8868: found /usr/bin/ranlib
configure:8880: result: ranlib
configure:8957: checking for gawk
configure:8978: found /usr/bin/gawk
configure:8990: result: gawk
configure:9030: checking command to parse /usr/bin/nm -B output from gcc object
configure:9184: gcc -c  -O4  conftest.c >&5
configure:9187: $? = 0
configure:9191: /usr/bin/nm -B conftest.o | sed -n -e 's/^.*[	 ]\([ABCDGIRSTW][ABCDGIRSTW]*\)[	 ][	 ]*\([_A-Za-z][_A-Za-z0-9]*\)$/\1 \2 \2/p' | sed '/ __gnu_lto/d' > conftest.nm
configure:9257: gcc -o conftest  -O4   conftest.c conftstm.o >&5
configure:9260: $? = 0
configure:9299: result: ok
configure:9346: checking for sysroot
configure:9378: result: no
configure:9385: checking for a working dd
configure:9430: result: /usr/bin/dd
configure:9434: checking how to truncate binary pipes
configure:9451: result: /usr/bin/dd bs=4096 count=1
configure:9588: gcc -c  -O4  conftest.c >&5
configure:9591: $? = 0
configure:9791: checking for mt
configure:9827: result: no
configure:9847: checking if : is a manifest tool
configure:9854: : '-?'
configure:9863: result: no
configure:10603: checking for dlfcn.h
configure:10603: gcc -c  -O4  conftest.c >&5
configure:10603: $? = 0
configure:10603: result: yes
configure:10868: checking for objdir
configure:10885: result: .libs
configure:11151: checking if gcc supports -fno-rtti -fno-exceptions
configure:11170: gcc -c  -O4  -fno-rtti -fno-exceptions conftest.c >&5
cc1: warning: command-line option '-fno-rtti' is valid for C++/D/ObjC++ but not for C
configure:11174: $? = 0
configure:11188: result: no
configure:11552: checking for gcc option to produce PIC
configure:11561: result: -fPIC -DPIC
configure:11569: checking if gcc PIC flag -fPIC -DPIC works
configure:11588: gcc -c  -O4  -fPIC -DPIC -DPIC conftest.c >&5
configure:11592: $? = 0
configure:11606: result: yes
configure:11635: checking if gcc static flag -static works
configure:11665: result: yes
configure:11680: checking if gcc supports -c -o file.o
configure:11702: gcc -c  -O4  -o out/conftest2.o conftest.c >&5
configure:11706: $? = 0
configure:11729: result: yes
configure:11737: checking if gcc supports -c -o file.o
configure:11786: result: yes
configure:11819: checking whether the gcc linker (/usr/bin/ld -m elf_x86_64) supports shared libraries
configure:13094: result: yes
configure:13131: checking whether -lc should be explicitly linked in
configure:13140: gcc -c  -O4  conftest.c >&5
configure:13143: $? = 0
configure:13158: gcc -shared  -fPIC -DPIC conftest.o  -v -Wl,-soname -Wl,conftest -o conftest 2\>\&1 \| /usr/bin/grep  -lc  \>/dev/null 2\>\&1
configure:13161: $? = 0
configure:13176: result: no
configure:13336: checking dynamic linker characteristics
configure:13918: gcc -o conftest  -O4   -Wl,-rpath -Wl,/foo conftest.c  >&5
configure:13918: $? = 0
configure:14170: result: GNU/Linux ld.so
configure:14292: checking how to hardcode library paths into programs
configure:14317: result: immediate
configure:14917: checking whether stripping libraries is possible
configure:14922: result: yes
configure:14957: checking if libtool supports shared libraries
configure:14959: result: yes
configure:14962: checking whether to build shared libraries
configure:14987: result: yes
configure:14990: checking whether to build static libraries
configure:14994: result: yes
configure:15180: creating ./config.status

## ---------------------- ##
## Running config.status. ##
## ---------------------- ##

This file was extended by nauty config.status 2.8.9, which was
generated by GNU Autoconf 2.72.  Invocation command line was

  CONFIG_FILES    = 
  CONFIG_HEADERS  = 
  CONFIG_LINKS    = 
  CONFIG_COMMANDS = 
  $ ./config.status 

on VladyslavAcer

config.status:1053: creating makefile
config.status:1053: creating nauty.h
config.status:1053: creating naututil.h
config.status:1053: creating gtools.h
config.status:1053: creating nauty.pc
config.status:1053: creating runalltests
config.status:1225: executing libtool commands

## ---------------- ##
## Cache variables. ##
## ---------------- ##

ac_cv_build=x86_64-pc-linux-gnu
ac_cv_c_compiler_gnu=yes
ac_cv_c_undeclared_builtin_options='none needed'
ac_cv_env_CC_set=
ac_cv_env_CC_value=
ac_cv_env_CFLAGS_set=
ac_cv_env_CFLAGS_value=
ac_cv_env_CPPFLAGS_set=
ac_cv_env_CPPFLAGS_value=
ac_cv_env_CPP_set=
ac_cv_env_CPP_value=
ac_cv_env_LDFLAGS_set=
ac_cv_env_LDFLAGS_value=
ac_cv_env_LIBS_set=
ac_cv_env_LIBS_value=
ac_cv_env_LT_SYS_LIBRARY_PATH_set=
ac_cv_env_LT_SYS_LIBRARY_PATH_value=
ac_cv_env_build_alias_set=
ac_cv_env_build_alias_value=
ac_cv_env_host_alias_set=
ac_cv_env_host_alias_value=
ac_cv_env_target_alias_set=
ac_cv_env_target_alias_value=
ac_cv_func_clock=yes
ac_cv_func_clock_gettime=yes
ac_cv_func_flockfile=yes
ac_cv_func_fork=yes
ac_cv_func_fork_works=yes
ac_cv_func_fseeko=yes
ac_cv_func_getc_unlocked=yes
ac_cv_func_getrusage=yes
ac_cv_func_gettimeofday=yes
ac_cv_func_isatty=yes
ac_cv_func_perror=yes
ac_cv_func_pipe=yes
ac_cv_func_popen=yes
ac_cv_func_putenv=yes
ac_cv_func_setenv=yes
ac_cv_func_sigaction=yes
ac_cv_func_sigprocmask=yes
ac_cv_func_time=yes
ac_cv_func_times=yes
ac_cv_func_vfork=yes
ac_cv_func_vfork_works=yes
ac_cv_func_wait=yes
ac_cv_have_decl_fdopen=yes
ac_cv_have_decl_ftell=yes
ac_cv_have_decl_malloc=yes
ac_cv_have_decl_popen=yes
ac_cv_have_decl_putenv=yes
ac_cv_have_decl_setenv=yes
ac_cv_header_dlfcn_h=yes
ac_cv_header_errno_h=yes
ac_cv_header_inttypes_h=yes
ac_cv_header_limits_h=yes
ac_cv_header_signal_h=yes
ac_cv_header_stddef_h=yes
ac_cv_header_stdint_h=yes
ac_cv_header_stdio_h=yes
ac_cv_header_stdlib_h=yes
ac_cv_header_string_h=yes
ac_cv_header_strings_h=yes
ac_cv_header_sys_stat_h=yes
ac_cv_header_sys_types_h=yes
ac_cv_header_sys_wait_h=yes
ac_cv_header_unistd_h=yes
ac_cv_header_vfork_h=no
ac_cv_host=x86_64-pc-linux-gnu
ac_cv_native_ok=yes
ac_cv_noret=_Noreturn
ac_cv_objext=o
ac_cv_path_EGREP='/usr/bin/grep -E'
ac_cv_path_EGREP_TRADITIONAL='/usr/bin/grep -E'
ac_cv_path_FGREP='/usr/bin/grep -F'
ac_cv_path_GREP=/usr/bin/grep
ac_cv_path_SED=/usr/bin/sed
ac_cv_path_install='/usr/bin/install -c'
ac_cv_path_lt_DD=/usr/bin/dd
ac_cv_path_mkdir=/usr/bin/mkdir
ac_cv_prog_AWK=gawk
ac_cv_prog_CPP='gcc -E'
ac_cv_prog_ac_ct_AR=ar
ac_cv_prog_ac_ct_CC=gcc
ac_cv_prog_ac_ct_OBJDUMP=objdump
ac_cv_prog_ac_ct_RANLIB=ranlib
ac_cv_prog_ac_ct_STRIP=strip
ac_cv_prog_cc_c11=
ac_cv_prog_cc_g=yes
ac_cv_prog_cc_stdc=
ac_cv_prog_gunzip_prog=gunzip
ac_cv_prog_sort_prog=sort
ac_cv_sizeof___uint128_t=16
ac_cv_sizeof_int=4
ac_cv_sizeof_long=8
ac_cv_sizeof_long_long=8
ac_cv_sizeof_unsigned___int128=16
ac_cv_sizeof_voidp=8
ac_cv_sys_file_offset_bits=0
ac_cv_sys_largefile_opts='none needed'
ac_cv_tls=_Thread_local
ac_cv_try_cflags_ok=yes
ac_cv_type_pid_t=yes
lt_cv_ar_at_file=@
lt_cv_archive_cmds_need_lc=no
lt_cv_deplibs_check_method=pass_all
lt_cv_file_magic_cmd='$MAGIC_CMD'
lt_cv_file_magic_test_file=
lt_cv_ld_reload_flag=-r
lt_cv_nm_interface='BSD nm'
lt_cv_objdir=.libs
lt_cv_path_LD=/usr/bin/ld
lt_cv_path_NM='/usr/bin/nm -B'
lt_cv_path_mainfest_tool=no
lt_cv_prog_compiler_c_o=yes
lt_cv_prog_compiler_pic='-fPIC -DPIC'
lt_cv_prog_compiler_pic_works=yes
lt_cv_prog_compiler_rtti_exceptions=no
lt_cv_prog_compiler_static_works=yes
lt_cv_prog_gnu_ld=yes
lt_cv_sharedlib_from_linklib_cmd='printf %s\n'
lt_cv_shlibpath_overrides_runpath=yes
lt_cv_sys_global_symbol_pipe='sed -n -e '\''s/^.*[	 ]\([ABCDGIRSTW][ABCDGIRSTW]*\)[	 ][	 ]*\([_A-Za-z][_A-Za-z0-9]*\)$/\1 \2 \2/p'\'' | sed '\''/ __gnu_lto/d'\'''
lt_cv_sys_global_symbol_to_c_name_address='sed -n -e '\''s/^: \(.*\) .*$/  {"\1", (void *) 0},/p'\'' -e '\''s/^[ABCDGIRSTW][ABCDGIRSTW]* .* \(.*\)$/  {"\1", (void *) \&\1},/p'\'''
lt_cv_sys_global_symbol_to_c_name_address_lib_prefix='sed -n -e '\''s/^: \(.*\) .*$/  {"\1", (void *) 0},/p'\'' -e '\''s/^[ABCDGIRSTW][ABCDGIRSTW]* .* \(lib.*\)$/  {"\1", (void *) \&\1},/p'\'' -e '\''s/^[ABCDGIRSTW][ABCDGIRSTW]* .* \(.*\)$/  {"lib\1", (void *) \&\1},/p'\'''
lt_cv_sys_global_symbol_to_cdecl='sed -n -e '\''s/^T .* \(.*\)$/extern int \1();/p'\'' -e '\''s/^[ABCDGIRSTW][ABCDGIRSTW]* .* \(.*\)$/extern char \1;/p'\'''
lt_cv_sys_global_symbol_to_import=
lt_cv_sys_max_cmd_len=1572864
lt_cv_to_host_file_cmd=func_convert_file_noop
lt_cv_to_tool_file_cmd=func_convert_file_noop
lt_cv_truncate_bin='/usr/bin/dd bs=4096 count=1'

## ----------------- ##
## Output variables. ##
## ----------------- ##

AR='ar'
AWK='gawk'
CC='gcc'
CFLAGS=' -O4'
CPP='gcc -E'
CPPFLAGS=''
DEFS='-DPACKAGE_NAME=\"nauty\" -DPACKAGE_TARNAME=\"nauty\" -DPACKAGE_VERSION=\"2.8.9\" -DPACKAGE_STRING=\"nauty\ 2.8.9\" -DPACKAGE_BUGREPORT=\"brendan.mckay@anu.edu.au\" -DPACKAGE_URL=\"\" -DHAVE_SYS_WAIT_H=1 -DHAVE_STDIO_H=1 -DHAVE_STDLIB_H=1 -DHAVE_STRING_H=1 -DHAVE_INTTYPES_H=1 -DHAVE_STDINT_H=1 -DHAVE_STRINGS_H=1 -DHAVE_SYS_STAT_H=1 -DHAVE_SYS_TYPES_H=1 -DHAVE_UNISTD_H=1 -DSTDC_HEADERS=1 -DHAVE_SIGNAL_H=1 -DHAVE_STDDEF_H=1 -DHAVE_UNISTD_H=1 -DHAVE_SYS_TYPES_H=1 -DHAVE_SYS_WAIT_H=1 -DHAVE_STDLIB_H=1 -DHAVE_STRING_H=1 -DHAVE_ERRNO_H=1 -DHAVE_LIMITS_H=1 -DHAVE_STDINT_H=1 -DSIZEOF_INT=4 -DSIZEOF_LONG=8 -DSIZEOF_LONG_LONG=8 -DSIZEOF_VOIDP=8 -DSIZEOF___UINT128_T=16 -DSIZEOF_UNSIGNED___INT128=16 -DHAVE_FORK=1 -DHAVE_VFORK=1 -DHAVE_WORKING_VFORK=1 -DHAVE_WORKING_FORK=1 -DNORET=_Noreturn -DTLS=_Thread_local -DHAVE_DLFCN_H=1 -DLT_OBJDIR=\".libs/\"'
DLLTOOL='false'
DSYMUTIL=''
DUMPBIN=''
ECHO_C=''
ECHO_N='-n'
ECHO_T=''
EGREP='/usr/bin/grep -E'
EXEEXT=''
FGREP='/usr/bin/grep -F'
GREP='/usr/bin/grep'
INSTALL_DATA='${INSTALL} -m 644'
INSTALL_PROGRAM='${INSTALL}'
INSTALL_SCRIPT='${INSTALL}'
LD='/usr/bin/ld -m elf_x86_64'
LDFLAGS=''
LIBOBJS=''
LIBS=''
LIBTOOL='$(SHELL) $(top_builddir)/libtool'
LIPO=''
LN_S='ln -s'
LTLIBOBJS=''
LT_SYS_LIBRARY_PATH=''
MANIFEST_TOOL=':'
MKDIR_P='/usr/bin/mkdir -p'
MORECFLAGS=' -mpopcnt -march=native'
NM='/usr/bin/nm -B'
NMEDIT=''
OBJDUMP='objdump'
OBJEXT='o'
OTOOL64=''
OTOOL=''
PACKAGE_BUGREPORT='brendan.mckay@anu.edu.au'
PACKAGE_NAME='nauty'
PACKAGE_STRING='nauty 2.8.9'
PACKAGE_TARNAME='nauty'
PACKAGE_URL=''
PACKAGE_VERSION='2.8.9'
PATH_SEPARATOR=':'
Qlibs_or_null='libnautyQ1.la libnautyQ.la'
RANLIB='ranlib'
SED='/usr/bin/sed'
SHELL='/bin/bash'
STRIP='strip'
TLSQlibs_or_null='libnautyTQ1.la libnautyTQ.la'
ac_ct_AR='ar'
ac_ct_CC='gcc'
ac_ct_DUMPBIN=''
ac_cv_noret='_Noreturn'
ac_cv_sizeof___uint128_t='16'
ac_cv_sizeof_int='4'
ac_cv_sizeof_long='8'
ac_cv_sizeof_long_long='8'
ac_cv_sizeof_unsigned___int128='16'
ac_cv_sizeof_voidp='8'
ac_cv_sys_file_offset_bits='0'
ac_cv_tls='_Thread_local'
allow_interrupt='1'
bindir='${exec_prefix}/bin'
build='x86_64-pc-linux-gnu'
build_alias=''
build_cpu='x86_64'
build_os='linux-gnu'
build_vendor='pc'
cygnoun=''
datadir='${datarootdir}'
datarootdir='${prefix}/share'
default_wordsize='0'
docdir='${datarootdir}/doc/${PACKAGE_TARNAME}'
dvidir='${docdir}'
edit_msg='++++++ This file is automatically generated, don'\''t edit it by hand! ++++++'
exec_prefix='${prefix}'
fdopen_dec='1'
flex_array_ok='1'
ftell_dec='1'
gunzip_prog='gunzip'
has_math_inf='1'
have_ansicontrols='0'
have_clock='1'
have_clock_gettime='1'
have_clz='1'
have_clzl='1'
have_clzll='1'
have_flockfile='1'
have_fork='1'
have_fseeko='1'
have_getrusage='1'
have_gettimeofday='1'
have_gunzip='1'
have_hwlzcnt='1'
have_hwpopcnt='1'
have_isatty='1'
have_mmpop32='0'
have_mmpop64='0'
have_perror='1'
have_pid_t='1'
have_pipe='1'
have_popcnt='1'
have_popcntl='1'
have_popcntll='1'
have_popen='1'
have_putenv='1'
have_setenv='1'
have_sigaction='1'
have_sigprocmask='1'
have_time='1'
have_times='1'
have_wait='1'
header_errno_h='1'
header_limits_h='1'
header_signal_h='1'
header_stddef_h='1'
header_stdint_h='1'
header_stdlib_h='1'
header_string_h='1'
header_sys_types_h='1'
header_sys_wait_h='1'
header_unistd_h='1'
host='x86_64-pc-linux-gnu'
host_alias=''
host_cpu='x86_64'
host_os='linux-gnu'
host_vendor='pc'
htmldir='${docdir}'
includedir='${prefix}/include'
infodir='${datarootdir}/info'
is_ARM64='0'
libdir='${exec_prefix}/lib'
libexecdir='${exec_prefix}/libexec'
localedir='${datarootdir}/locale'
localstatedir='${prefix}/var'
malloc_dec='1'
mandir='${datarootdir}/man'
nautests='nautest nautestS nautestW nautestL nautestQ'
oldincludedir='/usr/include'
pdfdir='${docdir}'
pkgconfigdir='${libdir}/pkgconfig'
popen_dec='1'
prefix='/usr/local'
program_transform_name='s,x,x,'
psdir='${docdir}'
putenv_dec='1'
runonetestQ='runonetest "$1" "$2" "$3"'
runstatedir='${localstatedir}/run'
sbindir='${exec_prefix}/sbin'
setenv_dec='1'
sharedstatedir='${prefix}/com'
shortg_or_null='shortg'
sort_newparams_ok='1'
sort_prog='sort'
sort_size_ok='1'
stdio_nolock='1'
sysconfdir='${prefix}/etc'
target_alias=''
testprogs='dreadtest dreadtestS dreadtestS1 dreadtest4K dreadtest1 dreadtestW dreadtestW1 dreadtestL dreadtestL1 dreadtestQ dreadtestQ1'
tls_supported='1'
use_tls=''

## ----------- ##
## confdefs.h. ##
## ----------- ##

/* confdefs.h */
#define PACKAGE_NAME "nauty"
#define PACKAGE_TARNAME "nauty"
#define PACKAGE_VERSION "2.8.9"
#define PACKAGE_STRING "nauty 2.8.9"
#define PACKAGE_BUGREPORT "brendan.mckay@anu.edu.au"
#define PACKAGE_URL ""
#define HAVE_SYS_WAIT_H 1
#define HAVE_STDIO_H 1
#define HAVE_STDLIB_H 1
#define HAVE_STRING_H 1
#define HAVE_INTTYPES_H 1
#define HAVE_STDINT_H 1
#define HAVE_STRINGS_H 1
#define HAVE_SYS_STAT_H 1
#define HAVE_SYS_TYPES_H 1
#define HAVE_UNISTD_H 1
#define STDC_HEADERS 1
#define HAVE_SIGNAL_H 1
#define HAVE_STDDEF_H 1
#define HAVE_UNISTD_H 1
#define HAVE_SYS_TYPES_H 1
#define HAVE_SYS_WAIT_H 1
#define HAVE_STDLIB_H 1
#define HAVE_STRING_H 1
#define HAVE_ERRNO_H 1
#define HAVE_LIMITS_H 1
#define HAVE_STDINT_H 1
#define SIZEOF_INT 4
#define SIZEOF_LONG 8
#define SIZEOF_LONG_LONG 8
#define SIZEOF_VOIDP 8
#define SIZEOF___UINT128_T 16
#define SIZEOF_UNSIGNED___INT128 16
#define HAVE_FORK 1
#define HAVE_VFORK 1
#define HAVE_WORKING_VFORK 1
#define HAVE_WORKING_FORK 1
#define NORET _Noreturn
#define TLS _Thread_local
#define HAVE_DLFCN_H 1
#define LT_OBJDIR ".libs/"

configure: exit 0
